Java HotSpot(TM) 64-Bit Server VM (25.121-b13) for windows-amd64 JRE (1.8.0_121-b13), built on Dec 12 2016 18:21:36 by "java_re" with MS VC++ 10.0 (VS2010)
Memory: 4k page, physical 8270840k(2907584k free), swap 16539780k(10728656k free)
CommandLine flags: -XX:+HeapDumpOnOutOfMemoryError -XX:HeapDumpPath=./ -XX:InitialHeapSize=132333440 -XX:MaxHeapSize=2117335040 -XX:MaxMetaspaceSize=5242880 -XX:MaxNewSize=348966912 -XX:MaxTenuringThreshold=6 -XX:MetaspaceSize=5242880 -XX:OldPLABSize=16 -XX:+PrintGC -XX:+PrintGCDetails -XX:+PrintGCTimeStamps -XX:+UseCompressedClassPointers -XX:+UseCompressedOops -XX:+UseConcMarkSweepGC -XX:-UseLargePagesIndividualAllocation -XX:+UseParNewGC 
0.328: [Full GC (Metadata GC Threshold) 0.328: [CMS: 0K->1579K(87424K), 0.0153839 secs] 9122K->1579K(126720K), [Metaspace: 3884K->3884K(1056768K)], 0.0155343 secs] [Times: user=0.03 sys=0.00, real=0.02 secs] 
0.344: [Full GC (Last ditch collection) 0.344: [CMS: 1579K->1545K(87424K), 0.0057032 secs] 1579K->1545K(126848K), [Metaspace: 3884K->3884K(1056768K)], 0.0057549 secs] [Times: user=0.02 sys=0.00, real=0.01 secs] 
0.350: [GC (CMS Initial Mark) [1 CMS-initial-mark: 1545K(87424K)] 1545K(126848K), 0.0001479 secs] [Times: user=0.00 sys=0.00, real=0.00 secs] 
0.350: [CMS-concurrent-mark-start]
0.365: [CMS-concurrent-mark: 0.006/0.014 secs] [Times: user=0.01 sys=0.00, real=0.01 secs] 
0.365: [CMS-concurrent-preclean-start]
Heap
 par new generation   total 39424K, used 1753K [0x0000000081c00000, 0x00000000846c0000, 0x00000000968c0000)
  eden space 35072K,   5% used [0x0000000081c00000, 0x0000000081db67f8, 0x0000000083e40000)
  from space 4352K,   0% used [0x0000000083e40000, 0x0000000083e40000, 0x0000000084280000)
  to   space 4352K,   0% used [0x0000000084280000, 0x0000000084280000, 0x00000000846c0000)
 concurrent mark-sweep generation total 87424K, used 1545K [0x00000000968c0000, 0x000000009be20000, 0x0000000100000000)
 Metaspace       used 3923K, capacity 5004K, committed 5120K, reserved 1056768K
  class space    used 422K, capacity 456K, committed 512K, reserved 1048576K
0.365: [CMS-concurrent-preclean: 0.000/0.000 secs] [Times: user=0.00 sys=0.00, real=0.00 secs] 
